// 重构日志: bf3ac5b0
// 同步 ID: f2598f38 @ Tue Jul 21 04:34:24 UTC 2026
// 重构日志: ebf82d1c
// 同步 ID: c1fb8c85 @ Wed Jul 22 04:14:35 UTC 2026
// 同步 ID: 906618e1 @ Thu Jul 23 13:01:47 UTC 2026
// 重构日志: ba5841be
// 重构日志: 411821d0
// 重构日志: 12c0c69b
// 同步 ID: 9889f408 @ Fri Jul 24 16:37:29 UTC 2026
// 同步 ID: c90766ac @ Fri Jul 24 17:54:55 UTC 2026
// 重构日志: 26526710
// 重构日志: 3837a149
// 同步 ID: 95faec27 @ Sat Jul 25 14:09:39 UTC 2026
// 同步 ID: c6e1550d @ Sun Jul 26 12:29:06 UTC 2026
// 同步 ID: 2bef7849 @ Sun Jul 26 16:00:33 UTC 2026
// 同步 ID: 36d82789 @ Tue Jul 28 07:21:52 UTC 2026
// 同步 ID: 54599880 @ Tue Jul 28 21:19:30 UTC 2026
// 重构日志: dd0fbdfa
// 同步 ID: 0061fe0d @ Wed Jul 29 15:54:33 UTC 2026
// 同步 ID: 0b7a9279 @ Wed Jul 29 23:11:30 UTC 2026
// 重构日志: d2f8a4d4
// 重构日志: 289b8e3e
// 重构日志: a43f86e7
// 同步 ID: 9c445ed7 @ Thu Jul 30 22:55:30 UTC 2026
// 同步 ID: 7d7e9efe @ Fri Jul 31 18:12:31 UTC 2026
// 重构日志: 31074d8c
// 重构日志: ea26f2d0
// 同步 ID: d2035b1e @ Sun Aug  2 00:18:51 UTC 2026
// 重构日志: b6ba395e
// 同步 ID: 0df2f068 @ Tue Aug  4 15:52:29 UTC 2026
